../Src/esp82xx_lib.c:219:6:esp82xx_sever_init	16	static
../Src/esp82xx_lib.c:235:14:esp82xx_reset	8	static
../Src/esp82xx_lib.c:249:14:esp82xx_startup_test	8	static
../Src/esp82xx_lib.c:266:15:esp82xx_sta_mode	40	static
../Src/esp82xx_lib.c:298:15:esp82xx_ap_connect	96	static
../Src/esp82xx_lib.c:324:15:esp82xx_get_local_ip	112	static
../Src/esp82xx_lib.c:357:15:esp82xx_multi_conn_en	8	static
../Src/esp82xx_lib.c:375:15:esp82xx_create_tcp_server	8	static
../Src/esp82xx_lib.c:393:16:send_server_data	104	static
../Src/esp82xx_lib.c:423:7:Server_Handle	16	static
../Src/esp82xx_lib.c:447:9:server_begin	80	static
../Src/esp82xx_lib.c:495:8:USART1_IRQHandler	8	static
../Src/esp82xx_lib.c:501:9:USART2_IRQHandler	8	static
