../Src/esp82xx_lib.c:168:6:esp82xx_sever_init	16	static
../Src/esp82xx_lib.c:184:14:esp82xx_reset	8	static
../Src/esp82xx_lib.c:198:14:esp82xx_startup_test	8	static
../Src/esp82xx_lib.c:215:15:esp82xx_sta_mode	40	static
../Src/esp82xx_lib.c:247:15:esp82xx_ap_connect	96	static
../Src/esp82xx_lib.c:273:15:esp82xx_get_local_ip	112	static
../Src/esp82xx_lib.c:306:15:esp82xx_multi_conn_en	8	static
../Src/esp82xx_lib.c:324:15:esp82xx_create_tcp_server	8	static
../Src/esp82xx_lib.c:342:16:send_server_data	104	static
../Src/esp82xx_lib.c:372:7:Server_Handle	16	static
../Src/esp82xx_lib.c:396:9:server_begin	80	static
../Src/esp82xx_lib.c:444:8:USART1_IRQHandler	8	static
../Src/esp82xx_lib.c:450:9:USART2_IRQHandler	8	static
