13:49:38 **** Incremental Build of configuration Debug for project 11_esp82xx_adc_driver ****
make -j4 all 
arm-none-eabi-gcc "../Src/adc.c" -mcpu=cortex-m4 -std=gnu11 -g3 -DDEBUG -DSTM32 -DSTM32F4 -DSTM32F411RETx -DSTM32F411xE -c -I../Inc -I"C:/Users/Israel/Documents/Embedded-STM32-WIFI-Course/11_esp82xx_adc_driver/chip_headers/CMSIS/Include" -I"C:/Users/Israel/Documents/Embedded-STM32-WIFI-Course/11_esp82xx_adc_driver/chip_headers/CMSIS/Device/ST/STM32F4xx/Include" -O0 -ffunction-sections -fdata-sections -Wall -fstack-usage -MMD -MP -MF"Src/adc.d" -MT"Src/adc.o" --specs=nano.specs -mfpu=fpv4-sp-d16 -mfloat-abi=hard -mthumb -o "Src/adc.o"
arm-none-eabi-gcc "../Src/circular_buffer.c" -mcpu=cortex-m4 -std=gnu11 -g3 -DDEBUG -DSTM32 -DSTM32F4 -DSTM32F411RETx -DSTM32F411xE -c -I../Inc -I"C:/Users/Israel/Documents/Embedded-STM32-WIFI-Course/11_esp82xx_adc_driver/chip_headers/CMSIS/Include" -I"C:/Users/Israel/Documents/Embedded-STM32-WIFI-Course/11_esp82xx_adc_driver/chip_headers/CMSIS/Device/ST/STM32F4xx/Include" -O0 -ffunction-sections -fdata-sections -Wall -fstack-usage -MMD -MP -MF"Src/circular_buffer.d" -MT"Src/circular_buffer.o" --specs=nano.specs -mfpu=fpv4-sp-d16 -mfloat-abi=hard -mthumb -o "Src/circular_buffer.o"
arm-none-eabi-gcc "../Src/esp82xx_driver.c" -mcpu=cortex-m4 -std=gnu11 -g3 -DDEBUG -DSTM32 -DSTM32F4 -DSTM32F411RETx -DSTM32F411xE -c -I../Inc -I"C:/Users/Israel/Documents/Embedded-STM32-WIFI-Course/11_esp82xx_adc_driver/chip_headers/CMSIS/Include" -I"C:/Users/Israel/Documents/Embedded-STM32-WIFI-Course/11_esp82xx_adc_driver/chip_headers/CMSIS/Device/ST/STM32F4xx/Include" -O0 -ffunction-sections -fdata-sections -Wall -fstack-usage -MMD -MP -MF"Src/esp82xx_driver.d" -MT"Src/esp82xx_driver.o" --specs=nano.specs -mfpu=fpv4-sp-d16 -mfloat-abi=hard -mthumb -o "Src/esp82xx_driver.o"
arm-none-eabi-gcc "../Src/esp82xx_lib.c" -mcpu=cortex-m4 -std=gnu11 -g3 -DDEBUG -DSTM32 -DSTM32F4 -DSTM32F411RETx -DSTM32F411xE -c -I../Inc -I"C:/Users/Israel/Documents/Embedded-STM32-WIFI-Course/11_esp82xx_adc_driver/chip_headers/CMSIS/Include" -I"C:/Users/Israel/Documents/Embedded-STM32-WIFI-Course/11_esp82xx_adc_driver/chip_headers/CMSIS/Device/ST/STM32F4xx/Include" -O0 -ffunction-sections -fdata-sections -Wall -fstack-usage -MMD -MP -MF"Src/esp82xx_lib.d" -MT"Src/esp82xx_lib.o" --specs=nano.specs -mfpu=fpv4-sp-d16 -mfloat-abi=hard -mthumb -o "Src/esp82xx_lib.o"
arm-none-eabi-gcc "../Src/fifo.c" -mcpu=cortex-m4 -std=gnu11 -g3 -DDEBUG -DSTM32 -DSTM32F4 -DSTM32F411RETx -DSTM32F411xE -c -I../Inc -I"C:/Users/Israel/Documents/Embedded-STM32-WIFI-Course/11_esp82xx_adc_driver/chip_headers/CMSIS/Include" -I"C:/Users/Israel/Documents/Embedded-STM32-WIFI-Course/11_esp82xx_adc_driver/chip_headers/CMSIS/Device/ST/STM32F4xx/Include" -O0 -ffunction-sections -fdata-sections -Wall -fstack-usage -MMD -MP -MF"Src/fifo.d" -MT"Src/fifo.o" --specs=nano.specs -mfpu=fpv4-sp-d16 -mfloat-abi=hard -mthumb -o "Src/fifo.o"
arm-none-eabi-gcc "../Src/hardware_modules.c" -mcpu=cortex-m4 -std=gnu11 -g3 -DDEBUG -DSTM32 -DSTM32F4 -DSTM32F411RETx -DSTM32F411xE -c -I../Inc -I"C:/Users/Israel/Documents/Embedded-STM32-WIFI-Course/11_esp82xx_adc_driver/chip_headers/CMSIS/Include" -I"C:/Users/Israel/Documents/Embedded-STM32-WIFI-Course/11_esp82xx_adc_driver/chip_headers/CMSIS/Device/ST/STM32F4xx/Include" -O0 -ffunction-sections -fdata-sections -Wall -fstack-usage -MMD -MP -MF"Src/hardware_modules.d" -MT"Src/hardware_modules.o" --specs=nano.specs -mfpu=fpv4-sp-d16 -mfloat-abi=hard -mthumb -o "Src/hardware_modules.o"
arm-none-eabi-gcc "../Src/main.c" -mcpu=cortex-m4 -std=gnu11 -g3 -DDEBUG -DSTM32 -DSTM32F4 -DSTM32F411RETx -DSTM32F411xE -c -I../Inc -I"C:/Users/Israel/Documents/Embedded-STM32-WIFI-Course/11_esp82xx_adc_driver/chip_headers/CMSIS/Include" -I"C:/Users/Israel/Documents/Embedded-STM32-WIFI-Course/11_esp82xx_adc_driver/chip_headers/CMSIS/Device/ST/STM32F4xx/Include" -O0 -ffunction-sections -fdata-sections -Wall -fstack-usage -MMD -MP -MF"Src/main.d" -MT"Src/main.o" --specs=nano.specs -mfpu=fpv4-sp-d16 -mfloat-abi=hard -mthumb -o "Src/main.o"
arm-none-eabi-gcc "../Src/syscalls.c" -mcpu=cortex-m4 -std=gnu11 -g3 -DDEBUG -DSTM32 -DSTM32F4 -DSTM32F411RETx -DSTM32F411xE -c -I../Inc -I"C:/Users/Israel/Documents/Embedded-STM32-WIFI-Course/11_esp82xx_adc_driver/chip_headers/CMSIS/Include" -I"C:/Users/Israel/Documents/Embedded-STM32-WIFI-Course/11_esp82xx_adc_driver/chip_headers/CMSIS/Device/ST/STM32F4xx/Include" -O0 -ffunction-sections -fdata-sections -Wall -fstack-usage -MMD -MP -MF"Src/syscalls.d" -MT"Src/syscalls.o" --specs=nano.specs -mfpu=fpv4-sp-d16 -mfloat-abi=hard -mthumb -o "Src/syscalls.o"
arm-none-eabi-gcc "../Src/sysmem.c" -mcpu=cortex-m4 -std=gnu11 -g3 -DDEBUG -DSTM32 -DSTM32F4 -DSTM32F411RETx -DSTM32F411xE -c -I../Inc -I"C:/Users/Israel/Documents/Embedded-STM32-WIFI-Course/11_esp82xx_adc_driver/chip_headers/CMSIS/Include" -I"C:/Users/Israel/Documents/Embedded-STM32-WIFI-Course/11_esp82xx_adc_driver/chip_headers/CMSIS/Device/ST/STM32F4xx/Include" -O0 -ffunction-sections -fdata-sections -Wall -fstack-usage -MMD -MP -MF"Src/sysmem.d" -MT"Src/sysmem.o" --specs=nano.specs -mfpu=fpv4-sp-d16 -mfloat-abi=hard -mthumb -o "Src/sysmem.o"
arm-none-eabi-gcc -o "11_esp82xx_adc_driver.elf" @"objects.list"   -mcpu=cortex-m4 -T"C:\Users\Israel\Documents\Embedded-STM32-WIFI-Course\11_esp82xx_adc_driver\STM32F411RETX_FLASH.ld" --specs=nosys.specs -Wl,-Map="11_esp82xx_adc_driver.map" -Wl,--gc-sections -static --specs=nano.specs -mfpu=fpv4-sp-d16 -mfloat-abi=hard -mthumb -Wl,--start-group -lc -lm -Wl,--end-group
Finished building target: 11_esp82xx_adc_driver.elf
 
arm-none-eabi-objdump -h -S  11_esp82xx_adc_driver.elf  > "11_esp82xx_adc_driver.list"
arm-none-eabi-objcopy  -O binary  11_esp82xx_adc_driver.elf  "11_esp82xx_adc_driver.bin"
arm-none-eabi-size   11_esp82xx_adc_driver.elf 
   text	   data	    bss	    dec	    hex	filename
   1276	      8	   2624	   3908	    f44	11_esp82xx_adc_driver.elf
Finished building: default.size.stdout
Finished building: 11_esp82xx_adc_driver.bin
 
Finished building: 11_esp82xx_adc_driver.list
 
 

13:49:40 Build Finished. 0 errors, 0 warnings. (took 1s.228ms)

