13:56:08 **** Build of configuration Debug for project 3_timebase ****
make -j4 all 
arm-none-eabi-gcc "../Src/esp82xx_driver.c" -mcpu=cortex-m4 -std=gnu11 -g3 -DDEBUG -DSTM32 -DSTM32F4 -DSTM32F411RETx -DSTM32F411xE -c -I../Inc -I"C:/Users/Israel/Documents/Embedded-STM32-WIFI-Course/3_timebase/chip_headers/CMSIS/Include" -I"C:/Users/Israel/Documents/Embedded-STM32-WIFI-Course/3_timebase/chip_headers/CMSIS/Device/ST/STM32F4xx/Include" -O0 -ffunction-sections -fdata-sections -Wall -fstack-usage -MMD -MP -MF"Src/esp82xx_driver.d" -MT"Src/esp82xx_driver.o" --specs=nano.specs -mfpu=fpv4-sp-d16 -mfloat-abi=hard -mthumb -o "Src/esp82xx_driver.o"
arm-none-eabi-gcc "../Src/main.c" -mcpu=cortex-m4 -std=gnu11 -g3 -DDEBUG -DSTM32 -DSTM32F4 -DSTM32F411RETx -DSTM32F411xE -c -I../Inc -I"C:/Users/Israel/Documents/Embedded-STM32-WIFI-Course/3_timebase/chip_headers/CMSIS/Include" -I"C:/Users/Israel/Documents/Embedded-STM32-WIFI-Course/3_timebase/chip_headers/CMSIS/Device/ST/STM32F4xx/Include" -O0 -ffunction-sections -fdata-sections -Wall -fstack-usage -MMD -MP -MF"Src/main.d" -MT"Src/main.o" --specs=nano.specs -mfpu=fpv4-sp-d16 -mfloat-abi=hard -mthumb -o "Src/main.o"
arm-none-eabi-gcc "../Src/syscalls.c" -mcpu=cortex-m4 -std=gnu11 -g3 -DDEBUG -DSTM32 -DSTM32F4 -DSTM32F411RETx -DSTM32F411xE -c -I../Inc -I"C:/Users/Israel/Documents/Embedded-STM32-WIFI-Course/3_timebase/chip_headers/CMSIS/Include" -I"C:/Users/Israel/Documents/Embedded-STM32-WIFI-Course/3_timebase/chip_headers/CMSIS/Device/ST/STM32F4xx/Include" -O0 -ffunction-sections -fdata-sections -Wall -fstack-usage -MMD -MP -MF"Src/syscalls.d" -MT"Src/syscalls.o" --specs=nano.specs -mfpu=fpv4-sp-d16 -mfloat-abi=hard -mthumb -o "Src/syscalls.o"
arm-none-eabi-gcc "../Src/sysmem.c" -mcpu=cortex-m4 -std=gnu11 -g3 -DDEBUG -DSTM32 -DSTM32F4 -DSTM32F411RETx -DSTM32F411xE -c -I../Inc -I"C:/Users/Israel/Documents/Embedded-STM32-WIFI-Course/3_timebase/chip_headers/CMSIS/Include" -I"C:/Users/Israel/Documents/Embedded-STM32-WIFI-Course/3_timebase/chip_headers/CMSIS/Device/ST/STM32F4xx/Include" -O0 -ffunction-sections -fdata-sections -Wall -fstack-usage -MMD -MP -MF"Src/sysmem.d" -MT"Src/sysmem.o" --specs=nano.specs -mfpu=fpv4-sp-d16 -mfloat-abi=hard -mthumb -o "Src/sysmem.o"
arm-none-eabi-gcc -o "3_timebase.elf" @"objects.list"   -mcpu=cortex-m4 -T"C:\Users\Israel\Documents\Embedded-STM32-WIFI-Course\3_timebase\STM32F411RETX_FLASH.ld" --specs=nosys.specs -Wl,-Map="3_timebase.map" -Wl,--gc-sections -static --specs=nano.specs -mfpu=fpv4-sp-d16 -mfloat-abi=hard -mthumb -Wl,--start-group -lc -lm -Wl,--end-group
Finished building target: 3_timebase.elf
 
arm-none-eabi-objdump -h -S  3_timebase.elf  > "3_timebase.list"
arm-none-eabi-objcopy  -O binary  3_timebase.elf  "3_timebase.bin"
arm-none-eabi-size   3_timebase.elf 
   text	   data	    bss	    dec	    hex	filename
   5568	    108	   1596	   7272	   1c68	3_timebase.elf
Finished building: default.size.stdout
Finished building: 3_timebase.bin
 
 
Finished building: 3_timebase.list
 

13:56:09 Build Finished. 0 errors, 0 warnings. (took 1s.268ms)

