14:02:37 **** Incremental Build of configuration Debug for project 8_esp82xx_lib_with_fifo ****
make -j4 all 
arm-none-eabi-gcc "../Src/esp82xx_driver.c" -mcpu=cortex-m4 -std=gnu11 -g3 -DDEBUG -DSTM32 -DSTM32F4 -DSTM32F411RETx -DSTM32F411xE -c -I../Inc -I"C:/Users/Israel/Documents/Embedded-STM32-WIFI-Course/8_esp82xx_lib_with_fifo/chip_headers/CMSIS/Include" -I"C:/Users/Israel/Documents/Embedded-STM32-WIFI-Course/8_esp82xx_lib_with_fifo/chip_headers/CMSIS/Device/ST/STM32F4xx/Include" -O0 -ffunction-sections -fdata-sections -Wall -fstack-usage -MMD -MP -MF"Src/esp82xx_driver.d" -MT"Src/esp82xx_driver.o" --specs=nano.specs -mfpu=fpv4-sp-d16 -mfloat-abi=hard -mthumb -o "Src/esp82xx_driver.o"
arm-none-eabi-gcc "../Src/esp82xx_lib.c" -mcpu=cortex-m4 -std=gnu11 -g3 -DDEBUG -DSTM32 -DSTM32F4 -DSTM32F411RETx -DSTM32F411xE -c -I../Inc -I"C:/Users/Israel/Documents/Embedded-STM32-WIFI-Course/8_esp82xx_lib_with_fifo/chip_headers/CMSIS/Include" -I"C:/Users/Israel/Documents/Embedded-STM32-WIFI-Course/8_esp82xx_lib_with_fifo/chip_headers/CMSIS/Device/ST/STM32F4xx/Include" -O0 -ffunction-sections -fdata-sections -Wall -fstack-usage -MMD -MP -MF"Src/esp82xx_lib.d" -MT"Src/esp82xx_lib.o" --specs=nano.specs -mfpu=fpv4-sp-d16 -mfloat-abi=hard -mthumb -o "Src/esp82xx_lib.o"
arm-none-eabi-gcc "../Src/fifo.c" -mcpu=cortex-m4 -std=gnu11 -g3 -DDEBUG -DSTM32 -DSTM32F4 -DSTM32F411RETx -DSTM32F411xE -c -I../Inc -I"C:/Users/Israel/Documents/Embedded-STM32-WIFI-Course/8_esp82xx_lib_with_fifo/chip_headers/CMSIS/Include" -I"C:/Users/Israel/Documents/Embedded-STM32-WIFI-Course/8_esp82xx_lib_with_fifo/chip_headers/CMSIS/Device/ST/STM32F4xx/Include" -O0 -ffunction-sections -fdata-sections -Wall -fstack-usage -MMD -MP -MF"Src/fifo.d" -MT"Src/fifo.o" --specs=nano.specs -mfpu=fpv4-sp-d16 -mfloat-abi=hard -mthumb -o "Src/fifo.o"
arm-none-eabi-gcc "../Src/main.c" -mcpu=cortex-m4 -std=gnu11 -g3 -DDEBUG -DSTM32 -DSTM32F4 -DSTM32F411RETx -DSTM32F411xE -c -I../Inc -I"C:/Users/Israel/Documents/Embedded-STM32-WIFI-Course/8_esp82xx_lib_with_fifo/chip_headers/CMSIS/Include" -I"C:/Users/Israel/Documents/Embedded-STM32-WIFI-Course/8_esp82xx_lib_with_fifo/chip_headers/CMSIS/Device/ST/STM32F4xx/Include" -O0 -ffunction-sections -fdata-sections -Wall -fstack-usage -MMD -MP -MF"Src/main.d" -MT"Src/main.o" --specs=nano.specs -mfpu=fpv4-sp-d16 -mfloat-abi=hard -mthumb -o "Src/main.o"
../Src/esp82xx_lib.c:239:16: warning: 'esp82xx_get_local_ip_addr' defined but not used [-Wunused-function]
  239 | static uint8_t esp82xx_get_local_ip_addr(void)
      |                ^~~~~~~~~~~~~~~~~~~~~~~~~
arm-none-eabi-gcc "../Src/syscalls.c" -mcpu=cortex-m4 -std=gnu11 -g3 -DDEBUG -DSTM32 -DSTM32F4 -DSTM32F411RETx -DSTM32F411xE -c -I../Inc -I"C:/Users/Israel/Documents/Embedded-STM32-WIFI-Course/8_esp82xx_lib_with_fifo/chip_headers/CMSIS/Include" -I"C:/Users/Israel/Documents/Embedded-STM32-WIFI-Course/8_esp82xx_lib_with_fifo/chip_headers/CMSIS/Device/ST/STM32F4xx/Include" -O0 -ffunction-sections -fdata-sections -Wall -fstack-usage -MMD -MP -MF"Src/syscalls.d" -MT"Src/syscalls.o" --specs=nano.specs -mfpu=fpv4-sp-d16 -mfloat-abi=hard -mthumb -o "Src/syscalls.o"
arm-none-eabi-gcc "../Src/sysmem.c" -mcpu=cortex-m4 -std=gnu11 -g3 -DDEBUG -DSTM32 -DSTM32F4 -DSTM32F411RETx -DSTM32F411xE -c -I../Inc -I"C:/Users/Israel/Documents/Embedded-STM32-WIFI-Course/8_esp82xx_lib_with_fifo/chip_headers/CMSIS/Include" -I"C:/Users/Israel/Documents/Embedded-STM32-WIFI-Course/8_esp82xx_lib_with_fifo/chip_headers/CMSIS/Device/ST/STM32F4xx/Include" -O0 -ffunction-sections -fdata-sections -Wall -fstack-usage -MMD -MP -MF"Src/sysmem.d" -MT"Src/sysmem.o" --specs=nano.specs -mfpu=fpv4-sp-d16 -mfloat-abi=hard -mthumb -o "Src/sysmem.o"
arm-none-eabi-gcc -o "8_esp82xx_lib_with_fifo.elf" @"objects.list"   -mcpu=cortex-m4 -T"C:\Users\Israel\Documents\Embedded-STM32-WIFI-Course\8_esp82xx_lib_with_fifo\STM32F411RETX_FLASH.ld" --specs=nosys.specs -Wl,-Map="8_esp82xx_lib_with_fifo.map" -Wl,--gc-sections -static --specs=nano.specs -mfpu=fpv4-sp-d16 -mfloat-abi=hard -mthumb -Wl,--start-group -lc -lm -Wl,--end-group
Finished building target: 8_esp82xx_lib_with_fifo.elf
 
arm-none-eabi-objdump -h -S  8_esp82xx_lib_with_fifo.elf  > "8_esp82xx_lib_with_fifo.list"
arm-none-eabi-objcopy  -O binary  8_esp82xx_lib_with_fifo.elf  "8_esp82xx_lib_with_fifo.bin"
arm-none-eabi-size   8_esp82xx_lib_with_fifo.elf 
   text	   data	    bss	    dec	    hex	filename
   9048	    124	   4740	  13912	   3658	8_esp82xx_lib_with_fifo.elf
Finished building: default.size.stdout
Finished building: 8_esp82xx_lib_with_fifo.bin
 
Finished building: 8_esp82xx_lib_with_fifo.list
 
 

14:02:40 Build Finished. 0 errors, 1 warnings. (took 3s.259ms)

